
  .   ____          _            __ _ _
 /\\ / ___'_ __ _ _(_)_ __  __ _ \ \ \ \
( ( )\___ | '_ | '_| | '_ \/ _` | \ \ \ \
 \\/  ___)| |_)| | | | | || (_| |  ) ) ) )
  '  |____| .__|_| |_|_| |_\__, | / / / /
 =========|_|==============|___/=/_/_/_/

 :: Spring Boot ::                (v3.3.2)

2026-04-06T12:51:40.343+05:30  INFO 11164 --- [auth-service] [           main] l.medilink.auth.AuthServiceApplication   : Starting AuthServiceApplication using Java 17.0.16 with PID 11164 (F:\Projects\DS Project\auth-service\target\classes started by ASUS TUF in F:\Projects\DS Project\auth-service)
2026-04-06T12:51:40.379+05:30  INFO 11164 --- [auth-service] [           main] l.medilink.auth.AuthServiceApplication   : No active profile set, falling back to 1 default profile: "default"
2026-04-06T12:51:43.797+05:30  INFO 11164 --- [auth-service] [           main] .s.d.r.c.RepositoryConfigurationDelegate : Bootstrapping Spring Data JPA repositories in DEFAULT mode.
2026-04-06T12:51:44.310+05:30  INFO 11164 --- [auth-service] [           main] .s.d.r.c.RepositoryConfigurationDelegate : Finished Spring Data repository scanning in 460 ms. Found 1 JPA repository interface.
2026-04-06T12:51:45.233+05:30  INFO 11164 --- [auth-service] [           main] o.s.cloud.context.scope.GenericScope     : BeanFactory id=5e666d5c-86a6-3882-8092-38f32f265149
2026-04-06T12:51:46.139+05:30  WARN 11164 --- [auth-service] [           main] trationDelegate$BeanPostProcessorChecker : Bean 'org.springframework.cloud.client.loadbalancer.LoadBalancerAutoConfiguration$DeferringLoadBalancerInterceptorConfig' of type [org.springframework.cloud.client.loadbalancer.LoadBalancerAutoConfiguration$DeferringLoadBalancerInterceptorConfig] is not eligible for getting processed by all BeanPostProcessors (for example: not eligible for auto-proxying). The currently created BeanPostProcessor [lbRestClientPostProcessor] is declared through a non-static factory method on that class; consider declaring it as static instead.
2026-04-06T12:51:46.149+05:30  WARN 11164 --- [auth-service] [           main] trationDelegate$BeanPostProcessorChecker : Bean 'deferringLoadBalancerInterceptor' of type [org.springframework.cloud.client.loadbalancer.DeferringLoadBalancerInterceptor] is not eligible for getting processed by all BeanPostProcessors (for example: not eligible for auto-proxying). Is this bean getting eagerly injected into a currently created BeanPostProcessor [lbRestClientPostProcessor]? Check the corresponding BeanPostProcessor declaration and its dependencies.
2026-04-06T12:51:47.071+05:30  INFO 11164 --- [auth-service] [           main] o.s.b.w.embedded.tomcat.TomcatWebServer  : Tomcat initialized with port 8081 (http)
2026-04-06T12:51:47.095+05:30  INFO 11164 --- [auth-service] [           main] o.apache.catalina.core.StandardService   : Starting service [Tomcat]
2026-04-06T12:51:47.097+05:30  INFO 11164 --- [auth-service] [           main] o.apache.catalina.core.StandardEngine    : Starting Servlet engine: [Apache Tomcat/10.1.26]
2026-04-06T12:51:47.329+05:30  INFO 11164 --- [auth-service] [           main] o.a.c.c.C.[Tomcat].[localhost].[/]       : Initializing Spring embedded WebApplicationContext
2026-04-06T12:51:47.331+05:30  INFO 11164 --- [auth-service] [           main] w.s.c.ServletWebServerApplicationContext : Root WebApplicationContext: initialization completed in 6842 ms
2026-04-06T12:51:48.412+05:30  INFO 11164 --- [auth-service] [           main] o.hibernate.jpa.internal.util.LogHelper  : HHH000204: Processing PersistenceUnitInfo [name: default]
2026-04-06T12:51:48.659+05:30  INFO 11164 --- [auth-service] [           main] org.hibernate.Version                    : HHH000412: Hibernate ORM core version 6.5.2.Final
2026-04-06T12:51:48.744+05:30  INFO 11164 --- [auth-service] [           main] o.h.c.internal.RegionFactoryInitiator    : HHH000026: Second-level cache disabled
2026-04-06T12:51:49.683+05:30  INFO 11164 --- [auth-service] [           main] o.s.o.j.p.SpringPersistenceUnitInfo      : No LoadTimeWeaver setup: ignoring JPA class transformer
2026-04-06T12:51:49.760+05:30  INFO 11164 --- [auth-service] [           main] com.zaxxer.hikari.HikariDataSource       : HikariPool-1 - Starting...
2026-04-06T12:51:50.263+05:30  INFO 11164 --- [auth-service] [           main] com.zaxxer.hikari.pool.HikariPool        : HikariPool-1 - Added connection org.postgresql.jdbc.PgConnection@5b0575d0
2026-04-06T12:51:50.267+05:30  INFO 11164 --- [auth-service] [           main] com.zaxxer.hikari.HikariDataSource       : HikariPool-1 - Start completed.
2026-04-06T12:51:52.953+05:30  INFO 11164 --- [auth-service] [           main] o.h.e.t.j.p.i.JtaPlatformInitiator       : HHH000489: No JTA platform available (set 'hibernate.transaction.jta.platform' to enable JTA platform integration)
2026-04-06T12:51:53.057+05:30  INFO 11164 --- [auth-service] [           main] j.LocalContainerEntityManagerFactoryBean : Initialized JPA EntityManagerFactory for persistence unit 'default'
2026-04-06T12:51:53.972+05:30  WARN 11164 --- [auth-service] [           main] JpaBaseConfiguration$JpaWebConfiguration : spring.jpa.open-in-view is enabled by default. Therefore, database queries may be performed during view rendering. Explicitly configure spring.jpa.open-in-view to disable this warning
2026-04-06T12:51:54.086+05:30  WARN 11164 --- [auth-service] [           main] .s.s.UserDetailsServiceAutoConfiguration : 

Using generated security password: 0f4e5d73-3f51-4639-b8c8-c4f0611a09d1

This generated password is for development use only. Your security configuration must be updated before running your application in production.

2026-04-06T12:51:54.112+05:30  INFO 11164 --- [auth-service] [           main] r$InitializeUserDetailsManagerConfigurer : Global AuthenticationManager configured with UserDetailsService bean with name inMemoryUserDetailsManager
2026-04-06T12:51:55.217+05:30  INFO 11164 --- [auth-service] [           main] o.s.b.a.e.web.EndpointLinksResolver      : Exposing 2 endpoints beneath base path '/actuator'
2026-04-06T12:51:56.594+05:30  INFO 11164 --- [auth-service] [           main] DiscoveryClientOptionalArgsConfiguration : Eureka HTTP Client uses RestTemplate.
2026-04-06T12:51:56.720+05:30  WARN 11164 --- [auth-service] [           main] iguration$LoadBalancerCaffeineWarnLogger : Spring Cloud LoadBalancer is currently working with the default cache. While this cache implementation is useful for development and tests, it's recommended to use Caffeine cache in production.You can switch to using Caffeine cache, by adding it and org.springframework.cache.caffeine.CaffeineCacheManager to the classpath.
2026-04-06T12:51:56.839+05:30  INFO 11164 --- [auth-service] [           main] o.s.c.n.eureka.InstanceInfoFactory       : Setting initial instance status as: STARTING
2026-04-06T12:51:56.882+05:30  INFO 11164 --- [auth-service] [           main] com.netflix.discovery.DiscoveryClient    : Initializing Eureka in region us-east-1
2026-04-06T12:51:56.889+05:30  INFO 11164 --- [auth-service] [           main] c.n.d.s.r.aws.ConfigClusterResolver      : Resolving eureka endpoints via configuration
2026-04-06T12:51:56.908+05:30  INFO 11164 --- [auth-service] [           main] com.netflix.discovery.DiscoveryClient    : Disable delta property : false
2026-04-06T12:51:56.908+05:30  INFO 11164 --- [auth-service] [           main] com.netflix.discovery.DiscoveryClient    : Single vip registry refresh property : null
2026-04-06T12:51:56.908+05:30  INFO 11164 --- [auth-service] [           main] com.netflix.discovery.DiscoveryClient    : Force full registry fetch : false
2026-04-06T12:51:56.910+05:30  INFO 11164 --- [auth-service] [           main] com.netflix.discovery.DiscoveryClient    : Application is null : false
2026-04-06T12:51:56.910+05:30  INFO 11164 --- [auth-service] [           main] com.netflix.discovery.DiscoveryClient    : Registered Applications size is zero : true
2026-04-06T12:51:56.912+05:30  INFO 11164 --- [auth-service] [           main] com.netflix.discovery.DiscoveryClient    : Application version is -1: true
2026-04-06T12:51:56.912+05:30  INFO 11164 --- [auth-service] [           main] com.netflix.discovery.DiscoveryClient    : Getting all instance registry info from the eureka server
2026-04-06T12:51:57.648+05:30  INFO 11164 --- [auth-service] [           main] com.netflix.discovery.DiscoveryClient    : The response status is 200
2026-04-06T12:51:57.652+05:30  INFO 11164 --- [auth-service] [           main] com.netflix.discovery.DiscoveryClient    : Starting heartbeat executor: renew interval is: 30
2026-04-06T12:51:57.656+05:30  INFO 11164 --- [auth-service] [           main] c.n.discovery.InstanceInfoReplicator     : InstanceInfoReplicator onDemand update allowed rate per min is 4
2026-04-06T12:51:57.659+05:30  INFO 11164 --- [auth-service] [           main] com.netflix.discovery.DiscoveryClient    : Discovery Client initialized at timestamp 1775460117658 with initial instances count: 2
2026-04-06T12:51:57.673+05:30  INFO 11164 --- [auth-service] [           main] o.s.c.n.e.s.EurekaServiceRegistry        : Registering application AUTH-SERVICE with eureka with status UP
2026-04-06T12:51:57.674+05:30  INFO 11164 --- [auth-service] [           main] com.netflix.discovery.DiscoveryClient    : Saw local status change event StatusChangeEvent [timestamp=1775460117674, current=UP, previous=STARTING]
2026-04-06T12:51:57.677+05:30  INFO 11164 --- [auth-service] [foReplicator-%d] com.netflix.discovery.DiscoveryClient    : DiscoveryClient_AUTH-SERVICE/172.28.9.102:auth-service:8081: registering service...
2026-04-06T12:51:57.687+05:30  INFO 11164 --- [auth-service] [           main] o.s.c.n.e.s.EurekaServiceRegistry        : Unregistering application AUTH-SERVICE with eureka with status DOWN
2026-04-06T12:51:57.687+05:30  INFO 11164 --- [auth-service] [           main] com.netflix.discovery.DiscoveryClient    : Saw local status change event StatusChangeEvent [timestamp=1775460117687, current=DOWN, previous=UP]
2026-04-06T12:51:57.688+05:30  WARN 11164 --- [auth-service] [           main] ConfigServletWebServerApplicationContext : Exception encountered during context initialization - cancelling refresh attempt: org.springframework.context.ApplicationContextException: Failed to start bean 'webServerStartStop'
2026-04-06T12:51:57.696+05:30  INFO 11164 --- [auth-service] [           main] j.LocalContainerEntityManagerFactoryBean : Closing JPA EntityManagerFactory for persistence unit 'default'
2026-04-06T12:51:57.703+05:30  INFO 11164 --- [auth-service] [           main] com.zaxxer.hikari.HikariDataSource       : HikariPool-1 - Shutdown initiated...
2026-04-06T12:51:57.712+05:30  INFO 11164 --- [auth-service] [           main] com.zaxxer.hikari.HikariDataSource       : HikariPool-1 - Shutdown completed.
2026-04-06T12:51:57.714+05:30  INFO 11164 --- [auth-service] [           main] com.netflix.discovery.DiscoveryClient    : Shutting down DiscoveryClient ...
2026-04-06T12:51:57.749+05:30  INFO 11164 --- [auth-service] [foReplicator-%d] com.netflix.discovery.DiscoveryClient    : DiscoveryClient_AUTH-SERVICE/172.28.9.102:auth-service:8081 - registration status: 204
2026-04-06T12:51:57.750+05:30  INFO 11164 --- [auth-service] [foReplicator-%d] com.netflix.discovery.DiscoveryClient    : DiscoveryClient_AUTH-SERVICE/172.28.9.102:auth-service:8081: registering service...
2026-04-06T12:51:57.758+05:30  INFO 11164 --- [auth-service] [foReplicator-%d] com.netflix.discovery.DiscoveryClient    : DiscoveryClient_AUTH-SERVICE/172.28.9.102:auth-service:8081 - registration status: 204
2026-04-06T12:51:57.758+05:30  INFO 11164 --- [auth-service] [           main] com.netflix.discovery.DiscoveryClient    : Unregistering ...
2026-04-06T12:51:57.768+05:30  INFO 11164 --- [auth-service] [           main] com.netflix.discovery.DiscoveryClient    : DiscoveryClient_AUTH-SERVICE/172.28.9.102:auth-service:8081 - deregister  status: 200
2026-04-06T12:51:57.769+05:30  INFO 11164 --- [auth-service] [           main] com.netflix.discovery.DiscoveryClient    : Completed shut down of DiscoveryClient
2026-04-06T12:51:57.808+05:30  INFO 11164 --- [auth-service] [           main] .s.b.a.l.ConditionEvaluationReportLogger : 

Error starting ApplicationContext. To display the condition evaluation report re-run your application with 'debug' enabled.
2026-04-06T12:51:57.841+05:30 ERROR 11164 --- [auth-service] [           main] o.s.b.d.LoggingFailureAnalysisReporter   : 

***************************
APPLICATION FAILED TO START
***************************

Description:

Web server failed to start. Port 8081 was already in use.

Action:

Identify and stop the process that's listening on port 8081 or configure this application to listen on another port.

[ERROR] Failed to execute goal org.springframework.boot:spring-boot-maven-plugin:3.3.2:run (default-cli) on project auth-service: Process terminated with exit code: 1 -> [Help 1]
[ERROR] 
[ERROR] To see the full stack trace of the errors, re-run Maven with the -e switch.
[ERROR] Re-run Maven using the -X switch to enable full de2026-04-06T12:52:24.452+05:30  INFO 37716 --- [auth-service] [rap-executor-%d] c.n.d.s.r.aws.ConfigClusterResolver      : Resolving eureka endpoints via configuration
2026-04-06T12:52:26.840+05:30  INFO 37716 --- [auth-service] [beatExecutor-%d] com.netflix.discovery.DiscoveryClient    : DiscoveryClient_AUTH-SERVICE/172.28.9.102:auth-service:8081 - Re-registering apps/AUTH-SERVICE
2026-04-06T12:52:26.841+05:30  INFO 37716 --- [auth-service] [beatExecutor-%d] com.netflix.discovery.DiscoveryClient    : DiscoveryClient_AUTH-SERVICE/172.28.9.102:auth-service:8081: registering service...
2026-04-06T12:52:26.853+05:30  INFO 37716 --- [auth-service] [beatExecutor-%d] com.netflix.discovery.DiscoveryClient    : DiscoveryClient_AUTH-SERVICE/172.28.9.102:auth-service:8081 - registration status: 204
2026-04-06T12:57:24.462+05:30  INFO 37716 --- [auth-service] [rap-executor-%d] c.n.d.s.r.aws.ConfigClusterResolver      : Resolving eureka endpoints via configuration
2026-04-06T13:02:24.469+05:30  INFO 37716 --- [auth-service] [rap-executor-%d] c.n.d.s.r.aws.ConfigClusterResolver      : Resolving eureka endpoints via configuration
2026-04-06T13:07:24.474+05:30  INFO 37716 --- [auth-service] [rap-executor-%d] c.n.d.s.r.aws.ConfigClusterResolver      : Resolving eureka endpoints via configuration
2026-04-06T13:12:24.484+05:30  INFO 37716 --- [auth-service] [rap-executor-%d] c.n.d.s.r.aws.ConfigClusterResolver      : Resolving eureka endpoints via configuration
2026-04-06T13:17:24.487+05:30  INFO 37716 --- [auth-service] [rap-executor-%d] c.n.d.s.r.aws.ConfigClusterResolver      : Resolving eureka endpoints via configuration
2026-04-06T13:22:24.497+05:30  INFO 37716 --- [auth-service] [rap-executor-%d] c.n.d.s.r.aws.ConfigClusterResolver      : Resolving eureka endpoints via configuration
2026-04-06T13:27:24.504+05:30  INFO 37716 --- [auth-service] [rap-executor-%d] c.n.d.s.r.aws.ConfigClusterResolver      : Resolving eureka endpoints via configuration
2026-04-06T13:32:24.552+05:30  INFO 37716 --- [auth-service] [rap-executor-%d] c.n.d.s.r.aws.ConfigClusterResolver      : Resolving eureka endpoints via configuration
2026-04-06T13:37:24.559+05:30  INFO 37716 --- [auth-service] [rap-executor-%d] c.n.d.s.r.aws.ConfigClusterResolver      : Resolving eureka endpoints via configuration
2026-04-06T13:42:24.569+05:30  INFO 37716 --- [auth-service] [rap-executor-%d] c.n.d.s.r.aws.ConfigClusterResolver      : Resolving eureka endpoints via configuration
2026-04-06T13:47:24.571+05:30  INFO 37716 --- [auth-service] [rap-executor-%d] c.n.d.s.r.aws.ConfigClusterResolver      : Resolving eureka endpoints via configuration
