
  .   ____          _            __ _ _
 /\\ / ___'_ __ _ _(_)_ __  __ _ \ \ \ \
( ( )\___ | '_ | '_| | '_ \/ _` | \ \ \ \
 \\/  ___)| |_)| | | | | || (_| |  ) ) ) )
  '  |____| .__|_| |_|_| |_\__, | / / / /
 =========|_|==============|___/=/_/_/_/

 :: Spring Boot ::                (v3.3.2)

2026-04-06T12:51:44.448+05:30  INFO 20776 --- [doctor-service] [           main] l.m.doctor.DoctorServiceApplication      : Starting DoctorServiceApplication using Java 17.0.16 with PID 20776 (F:\Projects\DS Project\doctor-service\target\classes started by ASUS TUF in F:\Projects\DS Project\doctor-service)
2026-04-06T12:51:44.455+05:30  INFO 20776 --- [doctor-service] [           main] l.m.doctor.DoctorServiceApplication      : No active profile set, falling back to 1 default profile: "default"
2026-04-06T12:51:47.771+05:30  INFO 20776 --- [doctor-service] [           main] .s.d.r.c.RepositoryConfigurationDelegate : Bootstrapping Spring Data JPA repositories in DEFAULT mode.
2026-04-06T12:51:48.164+05:30  INFO 20776 --- [doctor-service] [           main] .s.d.r.c.RepositoryConfigurationDelegate : Finished Spring Data repository scanning in 371 ms. Found 1 JPA repository interface.
2026-04-06T12:51:49.004+05:30  INFO 20776 --- [doctor-service] [           main] o.s.cloud.context.scope.GenericScope     : BeanFactory id=290c8cd4-3ae8-3c92-9bab-28941d6b42a5
2026-04-06T12:51:49.823+05:30  WARN 20776 --- [doctor-service] [           main] trationDelegate$BeanPostProcessorChecker : Bean 'org.springframework.cloud.client.loadbalancer.LoadBalancerAutoConfiguration$DeferringLoadBalancerInterceptorConfig' of type [org.springframework.cloud.client.loadbalancer.LoadBalancerAutoConfiguration$DeferringLoadBalancerInterceptorConfig] is not eligible for getting processed by all BeanPostProcessors (for example: not eligible for auto-proxying). The currently created BeanPostProcessor [lbRestClientPostProcessor] is declared through a non-static factory method on that class; consider declaring it as static instead.
2026-04-06T12:51:49.832+05:30  WARN 20776 --- [doctor-service] [           main] trationDelegate$BeanPostProcessorChecker : Bean 'deferringLoadBalancerInterceptor' of type [org.springframework.cloud.client.loadbalancer.DeferringLoadBalancerInterceptor] is not eligible for getting processed by all BeanPostProcessors (for example: not eligible for auto-proxying). Is this bean getting eagerly injected into a currently created BeanPostProcessor [lbRestClientPostProcessor]? Check the corresponding BeanPostProcessor declaration and its dependencies.
2026-04-06T12:51:51.139+05:30  INFO 20776 --- [doctor-service] [           main] o.s.b.w.embedded.tomcat.TomcatWebServer  : Tomcat initialized with port 8084 (http)
2026-04-06T12:51:51.164+05:30  INFO 20776 --- [doctor-service] [           main] o.apache.catalina.core.StandardService   : Starting service [Tomcat]
2026-04-06T12:51:51.164+05:30  INFO 20776 --- [doctor-service] [           main] o.apache.catalina.core.StandardEngine    : Starting Servlet engine: [Apache Tomcat/10.1.26]
2026-04-06T12:51:51.407+05:30  INFO 20776 --- [doctor-service] [           main] o.a.c.c.C.[Tomcat].[localhost].[/]       : Initializing Spring embedded WebApplicationContext
2026-04-06T12:51:51.409+05:30  INFO 20776 --- [doctor-service] [           main] w.s.c.ServletWebServerApplicationContext : Root WebApplicationContext: initialization completed in 6821 ms
2026-04-06T12:51:52.182+05:30  INFO 20776 --- [doctor-service] [           main] o.hibernate.jpa.internal.util.LogHelper  : HHH000204: Processing PersistenceUnitInfo [name: default]
2026-04-06T12:51:52.312+05:30  INFO 20776 --- [doctor-service] [           main] org.hibernate.Version                    : HHH000412: Hibernate ORM core version 6.5.2.Final
2026-04-06T12:51:52.395+05:30  INFO 20776 --- [doctor-service] [           main] o.h.c.internal.RegionFactoryInitiator    : HHH000026: Second-level cache disabled
2026-04-06T12:51:53.053+05:30  INFO 20776 --- [doctor-service] [           main] o.s.o.j.p.SpringPersistenceUnitInfo      : No LoadTimeWeaver setup: ignoring JPA class transformer
2026-04-06T12:51:53.116+05:30  INFO 20776 --- [doctor-service] [           main] com.zaxxer.hikari.HikariDataSource       : HikariPool-1 - Starting...
2026-04-06T12:51:53.406+05:30  INFO 20776 --- [doctor-service] [           main] com.zaxxer.hikari.pool.HikariPool        : HikariPool-1 - Added connection org.postgresql.jdbc.PgConnection@4deca78
2026-04-06T12:51:53.409+05:30  INFO 20776 --- [doctor-service] [           main] com.zaxxer.hikari.HikariDataSource       : HikariPool-1 - Start completed.
2026-04-06T12:51:55.066+05:30  INFO 20776 --- [doctor-service] [           main] o.h.e.t.j.p.i.JtaPlatformInitiator       : HHH000489: No JTA platform available (set 'hibernate.transaction.jta.platform' to enable JTA platform integration)
2026-04-06T12:51:55.153+05:30  INFO 20776 --- [doctor-service] [           main] j.LocalContainerEntityManagerFactoryBean : Initialized JPA EntityManagerFactory for persistence unit 'default'
2026-04-06T12:51:56.695+05:30  WARN 20776 --- [doctor-service] [           main] JpaBaseConfiguration$JpaWebConfiguration : spring.jpa.open-in-view is enabled by default. Therefore, database queries may be performed during view rendering. Explicitly configure spring.jpa.open-in-view to disable this warning
2026-04-06T12:51:58.893+05:30  INFO 20776 --- [doctor-service] [           main] DiscoveryClientOptionalArgsConfiguration : Eureka HTTP Client uses RestTemplate.
2026-04-06T12:51:59.019+05:30  WARN 20776 --- [doctor-service] [           main] iguration$LoadBalancerCaffeineWarnLogger : Spring Cloud LoadBalancer is currently working with the default cache. While this cache implementation is useful for development and tests, it's recommended to use Caffeine cache in production.You can switch to using Caffeine cache, by adding it and org.springframework.cache.caffeine.CaffeineCacheManager to the classpath.
2026-04-06T12:51:59.035+05:30  INFO 20776 --- [doctor-service] [           main] o.s.b.a.e.web.EndpointLinksResolver      : Exposing 2 endpoints beneath base path '/actuator'
2026-04-06T12:51:59.185+05:30  INFO 20776 --- [doctor-service] [           main] o.s.c.n.eureka.InstanceInfoFactory       : Setting initial instance status as: STARTING
2026-04-06T12:51:59.256+05:30  INFO 20776 --- [doctor-service] [           main] com.netflix.discovery.DiscoveryClient    : Initializing Eureka in region us-east-1
2026-04-06T12:51:59.264+05:30  INFO 20776 --- [doctor-service] [           main] c.n.d.s.r.aws.ConfigClusterResolver      : Resolving eureka endpoints via configuration
2026-04-06T12:51:59.280+05:30  INFO 20776 --- [doctor-service] [           main] com.netflix.discovery.DiscoveryClient    : Disable delta property : false
2026-04-06T12:51:59.281+05:30  INFO 20776 --- [doctor-service] [           main] com.netflix.discovery.DiscoveryClient    : Single vip registry refresh property : null
2026-04-06T12:51:59.281+05:30  INFO 20776 --- [doctor-service] [           main] com.netflix.discovery.DiscoveryClient    : Force full registry fetch : false
2026-04-06T12:51:59.281+05:30  INFO 20776 --- [doctor-service] [           main] com.netflix.discovery.DiscoveryClient    : Application is null : false
2026-04-06T12:51:59.283+05:30  INFO 20776 --- [doctor-service] [           main] com.netflix.discovery.DiscoveryClient    : Registered Applications size is zero : true
2026-04-06T12:51:59.283+05:30  INFO 20776 --- [doctor-service] [           main] com.netflix.discovery.DiscoveryClient    : Application version is -1: true
2026-04-06T12:51:59.283+05:30  INFO 20776 --- [doctor-service] [           main] com.netflix.discovery.DiscoveryClient    : Getting all instance registry info from the eureka server
2026-04-06T12:51:59.806+05:30  INFO 20776 --- [doctor-service] [           main] com.netflix.discovery.DiscoveryClient    : The response status is 200
2026-04-06T12:51:59.841+05:30  INFO 20776 --- [doctor-service] [           main] com.netflix.discovery.DiscoveryClient    : Starting heartbeat executor: renew interval is: 30
2026-04-06T12:51:59.845+05:30  INFO 20776 --- [doctor-service] [           main] c.n.discovery.InstanceInfoReplicator     : InstanceInfoReplicator onDemand update allowed rate per min is 4
2026-04-06T12:51:59.849+05:30  INFO 20776 --- [doctor-service] [           main] com.netflix.discovery.DiscoveryClient    : Discovery Client initialized at timestamp 1775460119847 with initial instances count: 2
2026-04-06T12:51:59.858+05:30  INFO 20776 --- [doctor-service] [           main] o.s.c.n.e.s.EurekaServiceRegistry        : Registering application DOCTOR-SERVICE with eureka with status UP
2026-04-06T12:51:59.859+05:30  INFO 20776 --- [doctor-service] [           main] com.netflix.discovery.DiscoveryClient    : Saw local status change event StatusChangeEvent [timestamp=1775460119859, current=UP, previous=STARTING]
2026-04-06T12:51:59.862+05:30  INFO 20776 --- [doctor-service] [foReplicator-%d] com.netflix.discovery.DiscoveryClient    : DiscoveryClient_DOCTOR-SERVICE/172.28.9.102:doctor-service:8084: registering service...
2026-04-06T12:51:59.896+05:30  INFO 20776 --- [doctor-service] [           main] o.s.b.w.embedded.tomcat.TomcatWebServer  : Tomcat started on port 8084 (http) with context path '/'
2026-04-06T12:51:59.899+05:30  INFO 20776 --- [doctor-service] [           main] .s.c.n.e.s.EurekaAutoServiceRegistration : Updating port to 8084
2026-04-06T12:51:59.922+05:30  INFO 20776 --- [doctor-service] [foReplicator-%d] com.netflix.discovery.DiscoveryClient    : DiscoveryClient_DOCTOR-SERVICE/172.28.9.102:doctor-service:8084 - registration status: 204
2026-04-06T12:52:00.182+05:30  INFO 20776 --- [doctor-service] [           main] l.m.doctor.DoctorServiceApplication      : Started DoctorServiceApplication in 17.057 seconds (process running for 18.078)
2026-04-06T12:52:02.461+05:30  INFO 20776 --- [doctor-service] [nio-8084-exec-1] o.a.c.c.C.[Tomcat].[localhost].[/]       : Initializing Spring DispatcherServlet 'dispatcherServlet'
2026-04-06T12:52:02.461+05:30  INFO 20776 --- [doctor-service] [nio-8084-exec-1] o.s.web.servlet.DispatcherServlet        : Initializing Servlet 'dispatcherServlet'
2026-04-06T12:52:02.464+05:30  INFO 20776 --- [doctor-service] [nio-8084-exec-1] o.s.web.servlet.DispatcherServlet        : Completed initialization in 3 ms
2026-04-06T12:52:02.540+05:30  INFO 20776 --- [doctor-service] [nio-8084-exec-1] o.s.a.r.c.CachingConnectionFactory       : Attempting to connect to: [localhost:5672]
2026-04-06T12:52:02.622+05:30  INFO 20776 --- [doctor-service] [nio-8084-exec-1] o.s.a.r.c.CachingConnectionFactory       : Created new connection: rabbitConnectionFactory#64ee9290:0/SimpleConnection@56517605 [delegate=amqp://guest@127.0.0.1:5672/, localPort=54247]
2026-04-06T12:56:59.298+05:30  INFO 20776 --- [doctor-service] [rap-executor-%d] c.n.d.s.r.aws.ConfigClusterResolver      : Resolving eureka endpoints via configuration
2026-04-06T13:01:59.313+05:30  INFO 20776 --- [doctor-service] [rap-executor-%d] c.n.d.s.r.aws.ConfigClusterResolver      : Resolving eureka endpoints via configuration
2026-04-06T13:06:59.314+05:30  INFO 20776 --- [doctor-service] [rap-executor-%d] c.n.d.s.r.aws.ConfigClusterResolver      : Resolving eureka endpoints via configuration
2026-04-06T13:11:59.315+05:30  INFO 20776 --- [doctor-service] [rap-executor-%d] c.n.d.s.r.aws.ConfigClusterResolver      : Resolving eureka endpoints via configuration
2026-04-06T13:16:59.318+05:30  INFO 20776 --- [doctor-service] [rap-executor-%d] c.n.d.s.r.aws.ConfigClusterResolver      : Resolving eureka endpoints via configuration
2026-04-06T13:21:59.321+05:30  INFO 20776 --- [doctor-service] [rap-executor-%d] c.n.d.s.r.aws.ConfigClusterResolver      : Resolving eureka endpoints via configuration
2026-04-06T13:26:59.360+05:30  INFO 20776 --- [doctor-service] [rap-executor-%d] c.n.d.s.r.aws.ConfigClusterResolver      : Resolving eureka endpoints via configuration
2026-04-06T13:31:59.368+05:30  INFO 20776 --- [doctor-service] [rap-executor-%d] c.n.d.s.r.aws.ConfigClusterResolver      : Resolving eureka endpoints via configuration
2026-04-06T13:36:59.408+05:30  INFO 20776 --- [doctor-service] [rap-executor-%d] c.n.d.s.r.aws.ConfigClusterResolver      : Resolving eureka endpoints via configuration
2026-04-06T13:41:59.419+05:30  INFO 20776 --- [doctor-service] [rap-executor-%d] c.n.d.s.r.aws.ConfigClusterResolver      : Resolving eureka endpoints via configuration
2026-04-06T13:46:59.457+05:30  INFO 20776 --- [doctor-service] [rap-executor-%d] c.n.d.s.r.aws.ConfigClusterResolver      : Resolving eureka endpoints via configuration
