
  .   ____          _            __ _ _
 /\\ / ___'_ __ _ _(_)_ __  __ _ \ \ \ \
( ( )\___ | '_ | '_| | '_ \/ _` | \ \ \ \
 \\/  ___)| |_)| | | | | || (_| |  ) ) ) )
  '  |____| .__|_| |_|_| |_\__, | / / / /
 =========|_|==============|___/=/_/_/_/

 :: Spring Boot ::                (v3.3.2)

2026-04-06T12:51:55.226+05:30  INFO 2956 --- [payment-service] [           main] l.m.payment.PaymentServiceApplication    : Starting PaymentServiceApplication using Java 17.0.16 with PID 2956 (F:\Projects\DS Project\payment-service\target\classes started by ASUS TUF in F:\Projects\DS Project\payment-service)
2026-04-06T12:51:55.230+05:30  INFO 2956 --- [payment-service] [           main] l.m.payment.PaymentServiceApplication    : No active profile set, falling back to 1 default profile: "default"
2026-04-06T12:51:56.587+05:30  INFO 2956 --- [payment-service] [           main] .s.d.r.c.RepositoryConfigurationDelegate : Bootstrapping Spring Data JPA repositories in DEFAULT mode.
2026-04-06T12:51:56.803+05:30  INFO 2956 --- [payment-service] [           main] .s.d.r.c.RepositoryConfigurationDelegate : Finished Spring Data repository scanning in 207 ms. Found 1 JPA repository interface.
2026-04-06T12:51:57.142+05:30  INFO 2956 --- [payment-service] [           main] o.s.cloud.context.scope.GenericScope     : BeanFactory id=f2e0cb69-37da-35ed-aca1-d046849c5df4
2026-04-06T12:51:57.750+05:30  WARN 2956 --- [payment-service] [           main] trationDelegate$BeanPostProcessorChecker : Bean 'org.springframework.cloud.client.loadbalancer.LoadBalancerAutoConfiguration$DeferringLoadBalancerInterceptorConfig' of type [org.springframework.cloud.client.loadbalancer.LoadBalancerAutoConfiguration$DeferringLoadBalancerInterceptorConfig] is not eligible for getting processed by all BeanPostProcessors (for example: not eligible for auto-proxying). The currently created BeanPostProcessor [lbRestClientPostProcessor] is declared through a non-static factory method on that class; consider declaring it as static instead.
2026-04-06T12:51:57.753+05:30  WARN 2956 --- [payment-service] [           main] trationDelegate$BeanPostProcessorChecker : Bean 'deferringLoadBalancerInterceptor' of type [org.springframework.cloud.client.loadbalancer.DeferringLoadBalancerInterceptor] is not eligible for getting processed by all BeanPostProcessors (for example: not eligible for auto-proxying). Is this bean getting eagerly injected into a currently created BeanPostProcessor [lbRestClientPostProcessor]? Check the corresponding BeanPostProcessor declaration and its dependencies.
2026-04-06T12:51:58.318+05:30  INFO 2956 --- [payment-service] [           main] o.s.b.w.embedded.tomcat.TomcatWebServer  : Tomcat initialized with port 8085 (http)
2026-04-06T12:51:58.340+05:30  INFO 2956 --- [payment-service] [           main] o.apache.catalina.core.StandardService   : Starting service [Tomcat]
2026-04-06T12:51:58.341+05:30  INFO 2956 --- [payment-service] [           main] o.apache.catalina.core.StandardEngine    : Starting Servlet engine: [Apache Tomcat/10.1.26]
2026-04-06T12:51:58.506+05:30  INFO 2956 --- [payment-service] [           main] o.a.c.c.C.[Tomcat].[localhost].[/]       : Initializing Spring embedded WebApplicationContext
2026-04-06T12:51:58.554+05:30  INFO 2956 --- [payment-service] [           main] w.s.c.ServletWebServerApplicationContext : Root WebApplicationContext: initialization completed in 3243 ms
2026-04-06T12:51:59.180+05:30  INFO 2956 --- [payment-service] [           main] o.hibernate.jpa.internal.util.LogHelper  : HHH000204: Processing PersistenceUnitInfo [name: default]
2026-04-06T12:51:59.311+05:30  INFO 2956 --- [payment-service] [           main] org.hibernate.Version                    : HHH000412: Hibernate ORM core version 6.5.2.Final
2026-04-06T12:51:59.373+05:30  INFO 2956 --- [payment-service] [           main] o.h.c.internal.RegionFactoryInitiator    : HHH000026: Second-level cache disabled
2026-04-06T12:51:59.876+05:30  INFO 2956 --- [payment-service] [           main] o.s.o.j.p.SpringPersistenceUnitInfo      : No LoadTimeWeaver setup: ignoring JPA class transformer
2026-04-06T12:51:59.931+05:30  INFO 2956 --- [payment-service] [           main] com.zaxxer.hikari.HikariDataSource       : HikariPool-1 - Starting...
2026-04-06T12:52:00.182+05:30  INFO 2956 --- [payment-service] [           main] com.zaxxer.hikari.pool.HikariPool        : HikariPool-1 - Added connection org.postgresql.jdbc.PgConnection@102aa5fc
2026-04-06T12:52:00.217+05:30  INFO 2956 --- [payment-service] [           main] com.zaxxer.hikari.HikariDataSource       : HikariPool-1 - Start completed.
2026-04-06T12:52:01.735+05:30  INFO 2956 --- [payment-service] [           main] o.h.e.t.j.p.i.JtaPlatformInitiator       : HHH000489: No JTA platform available (set 'hibernate.transaction.jta.platform' to enable JTA platform integration)
2026-04-06T12:52:01.850+05:30  INFO 2956 --- [payment-service] [           main] j.LocalContainerEntityManagerFactoryBean : Initialized JPA EntityManagerFactory for persistence unit 'default'
2026-04-06T12:52:03.063+05:30  WARN 2956 --- [payment-service] [           main] JpaBaseConfiguration$JpaWebConfiguration : spring.jpa.open-in-view is enabled by default. Therefore, database queries may be performed during view rendering. Explicitly configure spring.jpa.open-in-view to disable this warning
2026-04-06T12:52:04.461+05:30  INFO 2956 --- [payment-service] [           main] DiscoveryClientOptionalArgsConfiguration : Eureka HTTP Client uses RestTemplate.
2026-04-06T12:52:04.577+05:30  WARN 2956 --- [payment-service] [           main] iguration$LoadBalancerCaffeineWarnLogger : Spring Cloud LoadBalancer is currently working with the default cache. While this cache implementation is useful for development and tests, it's recommended to use Caffeine cache in production.You can switch to using Caffeine cache, by adding it and org.springframework.cache.caffeine.CaffeineCacheManager to the classpath.
2026-04-06T12:52:04.588+05:30  INFO 2956 --- [payment-service] [           main] o.s.b.a.e.web.EndpointLinksResolver      : Exposing 2 endpoints beneath base path '/actuator'
2026-04-06T12:52:04.681+05:30  INFO 2956 --- [payment-service] [           main] o.s.c.n.eureka.InstanceInfoFactory       : Setting initial instance status as: STARTING
2026-04-06T12:52:04.711+05:30  INFO 2956 --- [payment-service] [           main] com.netflix.discovery.DiscoveryClient    : Initializing Eureka in region us-east-1
2026-04-06T12:52:04.716+05:30  INFO 2956 --- [payment-service] [           main] c.n.d.s.r.aws.ConfigClusterResolver      : Resolving eureka endpoints via configuration
2026-04-06T12:52:04.724+05:30  INFO 2956 --- [payment-service] [           main] com.netflix.discovery.DiscoveryClient    : Disable delta property : false
2026-04-06T12:52:04.724+05:30  INFO 2956 --- [payment-service] [           main] com.netflix.discovery.DiscoveryClient    : Single vip registry refresh property : null
2026-04-06T12:52:04.724+05:30  INFO 2956 --- [payment-service] [           main] com.netflix.discovery.DiscoveryClient    : Force full registry fetch : false
2026-04-06T12:52:04.724+05:30  INFO 2956 --- [payment-service] [           main] com.netflix.discovery.DiscoveryClient    : Application is null : false
2026-04-06T12:52:04.732+05:30  INFO 2956 --- [payment-service] [           main] com.netflix.discovery.DiscoveryClient    : Registered Applications size is zero : true
2026-04-06T12:52:04.733+05:30  INFO 2956 --- [payment-service] [           main] com.netflix.discovery.DiscoveryClient    : Application version is -1: true
2026-04-06T12:52:04.734+05:30  INFO 2956 --- [payment-service] [           main] com.netflix.discovery.DiscoveryClient    : Getting all instance registry info from the eureka server
2026-04-06T12:52:05.107+05:30  INFO 2956 --- [payment-service] [           main] com.netflix.discovery.DiscoveryClient    : The response status is 200
2026-04-06T12:52:05.110+05:30  INFO 2956 --- [payment-service] [           main] com.netflix.discovery.DiscoveryClient    : Starting heartbeat executor: renew interval is: 30
2026-04-06T12:52:05.110+05:30  INFO 2956 --- [payment-service] [           main] c.n.discovery.InstanceInfoReplicator     : InstanceInfoReplicator onDemand update allowed rate per min is 4
2026-04-06T12:52:05.116+05:30  INFO 2956 --- [payment-service] [           main] com.netflix.discovery.DiscoveryClient    : Discovery Client initialized at timestamp 1775460125114 with initial instances count: 3
2026-04-06T12:52:05.120+05:30  INFO 2956 --- [payment-service] [           main] o.s.c.n.e.s.EurekaServiceRegistry        : Registering application PAYMENT-SERVICE with eureka with status UP
2026-04-06T12:52:05.120+05:30  INFO 2956 --- [payment-service] [           main] com.netflix.discovery.DiscoveryClient    : Saw local status change event StatusChangeEvent [timestamp=1775460125120, current=UP, previous=STARTING]
2026-04-06T12:52:05.128+05:30  INFO 2956 --- [payment-service] [foReplicator-%d] com.netflix.discovery.DiscoveryClient    : DiscoveryClient_PAYMENT-SERVICE/172.28.9.102:payment-service:8085: registering service...
2026-04-06T12:52:05.152+05:30  INFO 2956 --- [payment-service] [           main] o.s.b.w.embedded.tomcat.TomcatWebServer  : Tomcat started on port 8085 (http) with context path '/'
2026-04-06T12:52:05.154+05:30  INFO 2956 --- [payment-service] [           main] .s.c.n.e.s.EurekaAutoServiceRegistration : Updating port to 8085
2026-04-06T12:52:05.178+05:30  INFO 2956 --- [payment-service] [foReplicator-%d] com.netflix.discovery.DiscoveryClient    : DiscoveryClient_PAYMENT-SERVICE/172.28.9.102:payment-service:8085 - registration status: 204
2026-04-06T12:52:05.399+05:30  INFO 2956 --- [payment-service] [           main] l.m.payment.PaymentServiceApplication    : Started PaymentServiceApplication in 10.922 seconds (process running for 11.382)
2026-04-06T12:52:07.060+05:30  INFO 2956 --- [payment-service] [nio-8085-exec-1] o.a.c.c.C.[Tomcat].[localhost].[/]       : Initializing Spring DispatcherServlet 'dispatcherServlet'
2026-04-06T12:52:07.093+05:30  INFO 2956 --- [payment-service] [nio-8085-exec-1] o.s.web.servlet.DispatcherServlet        : Initializing Servlet 'dispatcherServlet'
2026-04-06T12:52:07.098+05:30  INFO 2956 --- [payment-service] [nio-8085-exec-1] o.s.web.servlet.DispatcherServlet        : Completed initialization in 5 ms
2026-04-06T12:52:07.151+05:30  INFO 2956 --- [payment-service] [nio-8085-exec-1] o.s.a.r.c.CachingConnectionFactory       : Attempting to connect to: [localhost:5672]
2026-04-06T12:52:07.216+05:30  INFO 2956 --- [payment-service] [nio-8085-exec-1] o.s.a.r.c.CachingConnectionFactory       : Created new connection: rabbitConnectionFactory#56d4481f:0/SimpleConnection@6bd6c883 [delegate=amqp://guest@127.0.0.1:5672/, localPort=54253]
2026-04-06T12:57:04.738+05:30  INFO 2956 --- [payment-service] [rap-executor-%d] c.n.d.s.r.aws.ConfigClusterResolver      : Resolving eureka endpoints via configuration
2026-04-06T13:02:04.750+05:30  INFO 2956 --- [payment-service] [rap-executor-%d] c.n.d.s.r.aws.ConfigClusterResolver      : Resolving eureka endpoints via configuration
2026-04-06T13:07:04.751+05:30  INFO 2956 --- [payment-service] [rap-executor-%d] c.n.d.s.r.aws.ConfigClusterResolver      : Resolving eureka endpoints via configuration
2026-04-06T13:12:04.763+05:30  INFO 2956 --- [payment-service] [rap-executor-%d] c.n.d.s.r.aws.ConfigClusterResolver      : Resolving eureka endpoints via configuration
2026-04-06T13:17:04.770+05:30  INFO 2956 --- [payment-service] [rap-executor-%d] c.n.d.s.r.aws.ConfigClusterResolver      : Resolving eureka endpoints via configuration
